================================================================
Program: CD-HIT, V4.8.1 (+OpenMP), Apr 07 2021, 10:57:21
Command: cd-hit -i
         abacbs2025/data/crispr_cas_atlas_Cas13b_protein.fasta
         -o abacbs2025/data/Cas13b_protein_cd-hit_80i_90c -c
         0.8 -n 4 -g 1 -G 0 -aS 0.9 -d 0 -p 1 -T 4 -M 0

Started: Tue Oct 21 15:43:40 2025
================================================================
                            Output                              
----------------------------------------------------------------
Your word length is 4, using 5 may be faster!
total seq: 370
longest and shortest : 1363 and 98
Total letters: 420424
Sequences have been sorted

Approximated minimal memory consumption:
Sequence        : 0M
Buffer          : 4 X 10M = 43M
Table           : 2 X 3M = 6M
Miscellaneous   : 0M
Total           : 49M

Table limit with the given memory limit:
Max number of representatives: 1500000
Max number of word counting entries: 231818062

# comparing sequences from          0  to        370
---------- new table with       68 representatives

      370  finished         68  clusters

Approximated maximum memory consumption: 50M
writing new database
writing clustering information
program completed !

Total CPU time 0.23
